《 中國時報 社論 》1996.04.28
讓 大學 教育 走向 健康 的 國際化 
教育部 官員 日前 表示 ，
開放 外國 大學 來台 招生 是 台灣 教育界 未來 必然 發展 的 趨勢 。
同時 也 表示 ，
如果 各級 學校 不能 及早 因應 ，
一旦 教育 市場 大開 ，
台灣 勢將 變成 各國 教育 的 殖民地 ，
許多 學校 將 因 招 不到 學生 而 隨時 有 關門 的 危機 。
這 一件事 有 多方面 的 涵意 。
首先 ，
它 代表 台灣 社會 國際化 的 程度 ，
連 教育 也 一步步 被 融入 世界市場 體系 中 ，
這是 過去 所 不曾有 過的 現象 。
第二 ，
高等教育 也 將 商業化 ，
成為 一種 可以 競爭 的 產品 。
過去 ，
不乏 商界 人士 或 政客 利用 假期 到 歐美 的 野雞 學校 「 進修 」 學位 ，
以致 於 有 一 位在 學歷 欄 填寫 某 大學 博士 的 立委 候選人 被 他的 對手 挑戰 說 ，
只要 他 能 提出 初中 以上 任何 學歷 證明 ，
便 願意 承認 他的 博士學位 。
但在 過去 學位 商業化 的 事 ，
常常 是 偷偷摸摸 進行 ，
或是 「 只有 來 學 ， 並無 往 教 。」
現在 ，
外國 的 學校 不只 歡迎 學生 「 來 學 」，
也 準備 大舉 「 往 教 」， 難怪 引起 教育界 的 震驚 。
其實 ，
開放 外國 大學 來台 招生 到底是 教育 「 國際化 」 還是 「 殖民 化 」，
其間 的 分野 很 細微 ，
完全 決定 於 在 這場 競爭 中 ，
我們的 大學 是 競爭力 強 的 一方 ，
或是 被 宰制 的 一方 。
如果 本地 的 大學 夠 強 ，
能將 好 學生 爭過 來 ，
則是 高等教育 國際化 的 先聲 ；
如果 學生 大量 流失 ，
以致 於 如 某位 教育部 高級 官員 所 預言 的 ，
將來 各級 校長 必須 具備 的 兩個 條件 ：
第一 要 會 招生 。
第二 還是要 會 招生 ，
那麼 台灣 便 徹底 淪為 各國 教育 的 殖民地 了 。
如果 就讀 外國 學校 的 學生 ，
真正 能 得到 國內 學校 所 不能 提供 的 知識 和 訓練 ，
那麼 這個 發展 本身 是 健康 的 。
反之 ，
如果 只是 為 便於 逃避 兵役 ，
或 盲目崇拜 西洋 文憑 ，
那怕是 野雞 學校 的 學位 也 珍 若 拱 璧 ，
那就 是 學術 殖民 化了 。
如何 走向 健康 的 國際化 ，
而不是 殖民 化 ，
我們 要 在 這裡 討論 三個 問題 ：
第一 ，
如何 在 外國 學校 到 台 招生 的 挑戰 之下 ，
檢討 自己 ， 並 增強 本地 教育 的 體質 ？
第二 ，
如何 根絕 浮 騖 西洋 ，
莫名其妙 地 追求 「 洋 學位 」 的 風氣 ，
並 建立起 本土 的 學術 主體性 ？
第三 ，
如何 規範 來台 招生 的 外國 學校 ？
第一 ，
大學 應 如何 強化 體質 ？
首先 ，
關於 大學 領導人 的 選擇 。
我們 認為 近年 大學 中 選舉 校長 的 辦法 與 風氣 ，
非但 不 足以 使 大學 進步 ，
反 足以 削弱 之 。
選風 敗壞 、 宣傳 、 拉票 、 黑 函 、 派系 ，
慘不忍睹 ，
而 選出 來的 不乏 最會 作秀 ，
或 最有 世俗 知名 度 的 人 。
一旦 當選 ，
為了 連任 ，
也 常 文過飾非 ，
以 不 得罪 教授 為首 要 考慮 ，
而不 得罪 人 的 最好 辦法 便是 什麼事 都 不做 。
接著 ，
關於 提升 大學 的 學術 水準 。
提升 大學 學術 水準 是 刻不容緩 的 ，
否則 台灣 的 學術 絕不 可能 獨立 。
胡適 生前 曾有 「 學術 獨立 十年 計畫 」，
希望 集中 全國 的 力量 ，
以 十 所 大學 為 基地 全力 發展 學術研究 。
四 、 五十 年 了 ，
這個 夢想 從未 實現 。
不到 西方 取經 ，
學問 上 就 難 有 突破 。
其實 好的 研究 與 好的 教學 是 互為因果 的 。
有 紮實 的 研究 才能 真 正教 好書 ，
否則 只是 賣弄 口才 詞藻 ，
照 本 宣讀 一些 過時 的 知識 而已 。
此外 ，
齊頭 平等 ，
全國 同 薪 同酬 式 的 教授 制 ，
並不 足以 激勵 學者 進行 寂寞 艱苦 的 研究 。
大學 應 考慮 增設 講座 ，
並 依 研究 及 教學 將 薪水 等級 區隔 開來 。
我們 同時 也 認為 ，
大學 的 心臟 是 圖書館 ，
這一個 部份 的 投資 絕不能 省 ，
也不能 求 急 功 。
以 台灣 目前 的 財力 而言 ，
應該 謀求 在 最短 時間 內 建立 幾個 世界級 的 圖書館 ，
並 強化 館 際 借書 的 功能 。
最後 ，
大學 中 應 培養 有 理想 ，
不為 現實 的 求知 精神 。
無用 之 用是 為 大用 ，
有時 越 不 現實 的 反而 越能 成功 ，
這是 謀求 學術 升級 不能不 有的 一番 傻勁 。
第二 ，
不應 存在 洋迷 信 。
近年來 台灣 已經 逐漸 從 過去 那種 一味 崇洋 的 心態 下 緩解 過來 ，
但是 洋迷 信 仍然 存在 。
從 上至 中央研究院 院士 的 選舉 ，
下至 兒童 才藝 英文 班 的 流行 都可以 看出 。
如果 教育 市場 開放 之後 ，
七 、 八 流 的 野雞 學校 也可以 在 國人 的 崇洋 心態 下 「 奪 朱 亂 雅 」，
是 最 值得 警惕 的 事 。
此外 ，
教育 國際化 的 同時 應 強調 其 本土化 。
多元 文化 的 國際觀 ，
最終 不能 失去 文化 主體性 。
敬 虔 地 學習 西洋 與 變通 改造 它 來 適用 本土 應 同時 進行 。
畢竟 教育 的 最終目的 是 培養 這 一片 土地 上 所需 要的 人才 。
這是 需要 把穩 的 一個 方向 。
第三 ，
我們 認為 教育部 應 嚴格 規範 來台 招生 的 學校 ，
儘 可能 根除 度假 出國 式 的 、 函授 式 的 ，
或是 根本 只 授 學位 而 不必 任何 學習 的 野雞 學校 前來 競爭 。
面對面 的 教學 是 永遠 無可 取代 的 ，
設計 再 精良 的 遠距 教學 都 不應 被 鼓勵 。
知識 的 傳授 不只 侷限 於 字面上 的 東西 ，
與 老師 面對面 的 接觸 ，
從 他們的 語調 、 風範 、 治學 的 經驗 ，
都可以 學到 東西 ，
更 何況是 電光石火 般 的 辯論 與 攻錯 ，
都有 無上 的 價值 。
有時候 書本上 說得 纏繞 夾雜 的 內容 ，
經過 師友 幾句 點 撥 ，
便 豁然 開解 ， 或 整個 活了 過來 。
古人 所 說的 「 親 炙 」 絕對 不是 一句 空話 。
更 何況 在 學習 中 還有 所謂 「 潛在 課程 」（hidden curriculum），
整個 校園 、 建築 、 傳統 、 氣氛 ，
甚至 同學 間 吃飯 聊天 都是 「 潛在 課程 」 的 一部分 。
「 潛在 課程 」 沒有 學分 ，
卻是 極 關鍵 的 學習 活動 ，
沒有 了 這些 ，
學習 是 殘廢 的 。
國內 的 高等 教育界 不應 抗拒 合格 正派 的 西方 學校 前來 招生 ，
因而 失去 了 刺激 挑戰 並 改善 自我 體質 的 力量 。
那些 早有 學店 之 名 的 學校 如果 抵擋不住 競爭 ，
該 淘汰 的 便應 被 淘汰 ，
停止 誤人子弟 。
而 品質 不錯 的 大學 ，
也 應 視 此為 一個 提升 學術 水準 ，
建立 校風 與 傳統 ，
以及 強化 教學 品質 的 契機 ，
勇敢 的 站起來 。
